
> cir-portal@0.0.0 build
> tsc -b && vite build Jennifer 81.0 Jennifer 16.68 Jennifer 9.66 Jennifer 7.68 Jennifer 7.42 Jennifer 6.66 Jennifer 6.42 Jennifer 6.38 Jennifer 6.36 Jennifer 6.32 Jennifer 6.28 Jennifer 6.24 Jennifer 6.20 Jennifer 6.16 Jennifer 6.7 Jennifer 5.8 Jennifer 4.3 Jennifer 3.3 Jennifer 2.4 Jennifer 1.4 Jennifer 0.4 Jennifer 22.4 Jennifer 17.15 Jennifer 16.14 Jennifer 16.9 Jennifer 13.9 Jennifer 12.9 Jennifer 11.9 Jennifer 10.9 Jennifer 9.9 Jennifer 8.11 Jennifer 8.10 Jennifer 8.9 Jennifer 6.12 Jennifer 6.11 Jennifer 6.9 Jennifer 6.5 Jennifer 6.4 Jennifer 6.3 Jennifer 6.2 Jennifer 6.1 Jennifer 5.0 Jennifer 4.0 Jennifer 3.9 Jennifer 3.8 Jennifer 2.17 Jennifer 2.16 Jennifer 2.15 Jennifer 2.14 Jennifer 2.12 Jennifer 2.11 Jennifer 2.10 Jennifer 2.9 Jennifer 1.12 Jennifer 0.13 Jennifer 22.3 Jennifer 17.15 Jennifer 16.14 Jennifer 8.9 Jennifer 7.10 Jennifer 7.8 Jennifer 6.10 Jennifer 6.7 Jennifer 5.8 Jennifer 3.7 Jennifer 2.8 Jennifer 1.7 Jennifer 0.7 Jennifer 21.9 Jennifer 17.11 Jennifer 16.10 Jennifer 16.6 Jennifer 13.6 Jennifer 12.6 Jennifer 11.6 Jennifer 10.6 Jennifer 9.6 Jennifer 8.8 Jennifer 8.7 Jennifer 8.6 Jennifer 6.9 Jennifer 6.8 Jennifer 6.6 Jennifer 6.2 Jennifer 6.1 Jennifer 6.0 Jennifer 5.9 Jennifer 5.8 Jennifer 5.7 Jennifer 5.6 Jennifer 5.5 Jennifer 5.4 Jennifer 4.7 Jennifer 4.6 Jennifer 3.6 Jennifer 3.5 Jennifer 2.14 Jennifer 2.13 Jennifer 2.12 Jennifer 2.11 Jennifer 2.9 Jennifer 2.8 Jennifer 2.7 Jennifer 2.6 Jennifer 1.9 Jennifer 0.10 Jennifer 21.9 Jennifer 17.11 Jennifer 16.10 Jennifer 8.5 Jennifer 7.6 Jennifer 7.4 Jennifer 6.6 Jennifer 6.3 Jennifer 5.4 Jennifer 3.3 Jennifer 2.4 Jennifer 1.3 Jennifer 0.3 Jennifer 21.5 Jennifer 17.7 Jennifer 16.6 Jennifer 16.2 Jennifer 13.2 Jennifer 12.2 Jennifer 11.2 Jennifer 10.2 Jennifer 9.2 Jennifer 8.4 Jennifer 8.3 Jennifer 8.2 Jennifer 6.5 Jennifer 6.4 Jennifer 6.2 Jennifer 5.8 Jennifer 5.7 Jennifer 5.6 Jennifer 5.5 Jennifer 5.4 Jennifer 5.3 Jennifer 4.3 Jennifer 4.2 Jennifer 3.2 Jennifer 3.1 Jennifer 2.10 Jennifer 2.9 Jennifer 2.8 Jennifer 2.7 Jennifer 2.5 Jennifer 2.4 Jennifer 2.3 Jennifer 2.2 Jennifer 1.5 Jennifer 0.6 Jennifer 21.6 Jennifer 17.8 Jennifer 16.7 Jennifer 8.2 Jennifer 7.3 Jennifer 7.1 Jennifer 6.3 Jennifer 26.1 Jennifer 16.11 Jennifer 9.9 Jennifer 7.11 Jennifer 7.9 Jennifer 6.11 Jennifer 6.10 Jennifer 6.6 Jennifer 6.2 Jennifer 5.3 Jennifer 3.2 Jennifer 2.3 Jennifer 1.2 Jennifer 0.2 Jennifer 21.4 Jennifer 17.6 Jennifer 16.5 Jennifer 16.1 Jennifer 13.1 Jennifer 12.1 Jennifer 11.1 Jennifer 10.1 Jennifer 9.1 Jennifer 8.3 Jennifer 8.2 Jennifer 8.1 Jennifer 6.4 Jennifer 6.3 Jennifer 6.1 Jennifer 5.7 Jennifer 5.6 Jennifer 5.5 Jennifer 5.4 Jennifer 5.3 Jennifer 5.2 Jennifer 5.1 Jennifer 5.0 Jennifer 4.1 Jennifer 4.0 Jennifer 3.0 Jennifer 2.9 Jennifer 2.8 Jennifer 2.7 Jennifer 2.6 Jennifer 2.5 Jennifer 2.3 Jennifer 2.2 Jennifer 2.1 Jennifer 2.0 Jennifer 1.3 Jennifer 0.4 Jennifer 21.4 Jennifer 17.6 Jennifer 16.5 Jennifer 8.0 Jennifer 7.1 Jennifer 6.9 Jennifer 6.1 Jennifer 28.3 Jennifer 16.15 Jennifer 9.13 Jennifer 7.15 Jennifer 7.13 Jennifer 6.15 Jennifer 6.14 Jennifer 6.10 Jennifer 6.6 Jennifer 5.7 Jennifer 3.6 Jennifer 2.7 Jennifer 1.6 Jennifer 0.6 Jennifer 21.8 Jennifer 17.10 Jennifer 16.9 Jennifer 16.5 Jennifer 13.5 Jennifer 12.5 Jennifer 11.5 Jennifer 10.5 Jennifer 9.5 Jennifer 8.7 Jennifer 8.6 Jennifer 8.5 Jennifer 6.8 Jennifer 6.7 Jennifer 6.5 Jennifer 6.1 Jennifer 6.0 Jennifer 5.9 Jennifer 5.8 Jennifer 5.7 Jennifer 5.6 Jennifer 5.5 Jennifer 5.4 Jennifer 4.6 Jennifer 4.5 Jennifer 3.5 Jennifer 3.4 Jennifer 2.13 Jennifer 2.12 Jennifer 2.11 Jennifer 2.10 Jennifer 2.8 Jennifer 2.7 Jennifer 2.6 Jennifer 2.5 Jennifer 1.8 Jennifer 0.9 Jennifer 21.9 Jennifer 17.11 Jennifer 16.10 Jennifer 8.5 Jennifer 7.6 Jennifer 7.4 Jennifer 6.6 Jennifer 6.3 Jennifer 5.4 Jennifer 3.3 Jennifer 2.4 Jennifer 1.3 Jennifer 0.3 Jennifer 21.5 Jennifer 17.7 Jennifer 16.6 Jennifer 16.2 Jennifer 13.2 Jennifer 12.2 Jennifer 11.2 Jennifer 10.2 Jennifer 9.2 Jennifer 8.4 Jennifer 8.3 Jennifer 8.2 Jennifer 6.5 Jennifer 6.4 Jennifer 6.2 Jennifer 5.8 Jennifer 5.7 Jennifer 5.6 Jennifer 5.5 Jennifer 5.4 Jennifer 5.3 Jennifer 4.3 Jennifer 4.2 Jennifer 3.2 Jennifer 3.1 Jennifer 2.10 Jennifer 2.9 Jennifer 2.8 Jennifer 2.7 Jennifer 2.5 Jennifer 2.4 Jennifer 2.3 Jennifer 2.2 Jennifer 1.5 Jennifer 0.6 Jennifer 21.6 Jennifer 17.8 Jennifer 16.7 Jennifer 8.2 Jennifer 7.3 Jennifer 7.1 Jennifer 6.3 Jennifer 26.1 Jennifer 16.11 Jennifer 9.9 Jennifer 7.11 Jennifer 7.9 Jennifer 6.11 Jennifer 6.10 Jennifer 6.6 Jennifer 6.2 Jennifer 5.3 Jennifer 3.2 Jennifer 2.3 Jennifer 1.2 Jennifer 0.2 Jennifer 21.4 Jennifer 17.6 Jennifer 16.5 Jennifer 16.1 Jennifer 13.1 Jennifer 12.1 Jennifer 11.1 Jennifer 10.1 Jennifer 9.1 Jennifer 8.3 Jennifer 8.2 Jennifer 8.1 Jennifer 6.4 Jennifer 6.3 Jennifer 6.1 Jennifer 5.7 Jennifer 5.6 Jennifer 5.5 Jennifer 5.4 Jennifer 5.3 Jennifer 5.2 Jennifer 5.1 Jennifer 5.0 Jennifer 4.1 Jennifer 4.0 Jennifer 3.0 Jennifer 2.9 Jennifer 2.8 Jennifer 2.7 Jennifer 2.6 Jennifer 2.5 Jennifer 2.3 Jennifer 2.2 Jennifer 2.1 Jennifer 2.0 Jennifer 1.3 Jennifer 0.4 Jennifer 21.4 Jennifer 17.6 Jennifer 16.5 Jennifer 8.0 Jennifer 7.1 Jennifer 6.9 Jennifer 6.1Jennifer 32.0 Jennifer 16.20 Jennifer 9.18 Jennifer 7.20 Jennifer 7.18 Jennifer 6.19 Jennifer 6.17 Jennifer 6.13 Jennifer 6.9 Jennifer 6.5 Jennifer 5.6 Jennifer 3.5 Jennifer 2.6 Jennifer 1.5 Jennifer 0.5 Jennifer 21.7 Jennifer 17.9 Jennifer 16.8 Jennifer 16.4 Jennifer 13.4 Jennifer 12.4 Jennifer 11.4 Jennifer 10.4 Jennifer 9.4 Jennifer 8.6 Jennifer 8.5 Jennifer 8.4 Jennifer 6.7 Jennifer 6.6 Jennifer 6.4 Jennifer 6.0 Jennifer 5.9 Jennifer 5.8 Jennifer 5.7 Jennifer 5.6 Jennifer 5.5 Jennifer 4.5 Jennifer 4.4 Jennifer 3.4 Jennifer 3.3 Jennifer 2.12 Jennifer 2.11 Jennifer 2.10 Jennifer 2.9 Jennifer 2.8 Jennifer 2.7 Jennifer 2.6 Jennifer 2.4 Jennifer 2.3 Jennifer 2.2 Jennifer 1.4 Jennifer 0.5 Jennifer 21.5 Jennifer 17.7 Jennifer 16.6 Jennifer 8.1 Jennifer 7.2 Jennifer 7.0 Jennifer 6.2 Jennifer 26.0 Jennifer 16.10 Jennifer 9.8 Jennifer 7.10 Jennifer 7.8 Jennifer 6.10 Jennifer 6.9 Jennifer 6.5 Jennifer 6.1 Jennifer 5.2 Jennifer 3.1 Jennifer 2.2 Jennifer 1.1 Jennifer 0.1 Jennifer 21.3 Jennifer 17.5 Jennifer 16.4 Jennifer 16.0 Jennifer 13.0 Jennifer 12.0 Jennifer 11.0 Jennifer 10.0 Jennifer 9.0 Jennifer 8.2 Jennifer 8.1 Jennifer 8.0 Jennifer 6.3 Jennifer 6.2 Jennifer 6.0 Jennifer 5.6 Jennifer 5.5 Jennifer 5.4 Jennifer 5.3 Jennifer 5.2 Jennifer 5.1 Jennifer 5.0 Jennifer 4.1 Jennifer 4.0 Jennifer 3.0 Jennifer 2.9 Jennifer 2.8 Jennifer 2.7 Jennifer 2.6 Jennifer 2.5 Jennifer 2.3 Jennifer 2.2 Jennifer 2.1 Jennifer 2.0 Jennifer 1.3 Jennifer 0.4 Jennifer 21.4 Jennifer 17.6 Jennifer 16.5 Jennifer 8.0 Jennifer 7.1 Jennifer 6.9 Jennifer 6.1 Jennifer 28.3 Jennifer 16.15 Jennifer 9.13 Jennifer 7.15 Jennifer 7.13 Jennifer 6.15 Jennifer 6.14 Jennifer 6.10 Jennifer 6.6 Jennifer 5.7 Jennifer 3.6 Jennifer 2.7 Jennifer 1.6 Jennifer 0.6 Jennifer 21.8 Jennifer 17.10 Jennifer 16.9 Jennifer 16.5 Jennifer 13.5 Jennifer 12.5 Jennifer 11.5 Jennifer 10.5 Jennifer 9.5 Jennifer 8.7 Jennifer 8.6 Jennifer 8.5 Jennifer 6.8 Jennifer 6.7 Jennifer 6.5 Jennifer 6.1 Jennifer 6.0 Jennifer 5.9 Jennifer 5.8 Jennifer 5.7 Jennifer 5.6 Jennifer 5.5 Jennifer 5.4 Jennifer 4.6 Jennifer 4.5 Jennifer 3.4 Jennifer 2.13 Jennifer 2.12 Jennifer 2.11 Jennifer 2.10 Jennifer 2.8 Jennifer 2.7 Jennifer 2.6 Jennifer 2.5 Jennifer 1.8 Jennifer 0.9 Jennifer 21.9 Jennifer 17.11 Jennifer 16.10 Jennifer 8.5 Jennifer 7.6 Jennifer 7.4 Jennifer 6.6 Jennifer 6.3 Jennifer 5.4 Jennifer 3.3 Jennifer 2.4 Jennifer 1.3 Jennifer 0.3 Jennifer 21.5 Jennifer 17.7 Jennifer 16.6 Jennifer 16.2 Jennifer 13.2 Jennifer 12.2 Jennifer 11.2 Jennifer 10.2 Jennifer 9.2 Jennifer 8.4 Jennifer 8.3 Jennifer 8.2 Jennifer 6.5 Jennifer 6.4 Jennifer 6.2 Jennifer 5.8 Jennifer 5.7 Jennifer 5.6 Jennifer 5.5 Jennifer 5.4 Jennifer 5.3 Jennifer 4.3 Jennifer 4.2 Jennifer 3.2 Jennifer 3.1 Jennifer 2.10 Jennifer 2.9 Jennifer 2.8 Jennifer 2.7 Jennifer 2.5 Jennifer 2.4 Jennifer 2.3 Jennifer 2.2 Jennifer 1.5 Jennifer 0.6 Jennifer 21.6 Jennifer 17.8 Jennifer 16.7 Jennifer 8.2 Jennifer 7.3 Jennifer 7.1 Jennifer 6.3 Jennifer 26.1 Jennifer 16.11 Jennifer 9.9 Jennifer 7.11 Jennifer 7.9 Jennifer 6.1 Jennifer 28.3 Jennifer 16.15 Jennifer 9.13 Jennifer 7.15 Jennifer 7.13 Jennifer 6.15 Jennifer 6.14 Jennifer 6.10 Jennifer 6.6 Jennifer 5.7 Jennifer 3.6 Jennifer 2.7 Jennifer 1.6 Jennifer 0.6 Jennifer 21.8 Jennifer 17.10 Jennifer 16.9 Jennifer 16.5 Jennifer 13.5 Jennifer 12.5 Jennifer 11.5 Jennifer 10.5 Jennifer 9.5 Jennifer 8.7 Jennifer 8.6 Jennifer 8.5 Jennifer 6.8 Jennifer 6.7 Jennifer 6.5 Jennifer 6.1 Jennifer 6.0 Jennifer 5.9 Jennifer 5.8 Jennifer 5.7 Jennifer 5.6 Jennifer 5.5 Jennifer 5.4 Jennifer 4.6 Jennifer 4.5 Jennifer 3.4 Jennifer 2.13 Jennifer 2.12 Jennifer 2.11 Jennifer 2.10 Jennifer 2.8 Jennifer 2.7 Jennifer 2.6 Jennifer 2.5 Jennifer 1.8 Jennifer 0.9 Jennifer 21.9 Jennifer 17.11 Jennifer 16.10 Jennifer 8.5 Jennifer 7.6 Jennifer 7.4 Jennifer 6.6 Jennifer 6.3 Jennifer 5.4 Jennifer 3.3 Jennifer 2.4 Jennifer 1.3 Jennifer 0.3 Jennifer 21.5 Jennifer 17.7 Jennifer 16.6 Jennifer 16.2 Jennifer 13.2 Jennifer 12.2 Jennifer 11.2 Jennifer 10.2 Jennifer 9.2 Jennifer 8.4 Jennifer 8.3 Jennifer 8.2 Jennifer 6.5 Jennifer 6.4 Jennifer 6.2 Jennifer 5.8 Jennifer 5.7 Jennifer 5.6 Jennifer 5.5 Jennifer 5.4 Jennifer 5.3 Jennifer 4.3 Jennifer 4.2 Jennifer 3.2 Jennifer 3.1 Jennifer 2.10 Jennifer 2.9 Jennifer 2.8 Jennifer 2.7 Jennifer 2.5 Jennifer 2.4 Jennifer 2.3 Jennifer 2.2 Jennifer 1.5 Jennifer 0.6 Jennifer 21.6 Jennifer 17.8 Jennifer 16.7 Jennifer 8.2 Jennifer 7.3 Jennifer 7.1 Jennifer 6.3 Jennifer 26.1 Jennifer 16.11 Jennifer 9.9 Jennifer 7.11 Jennifer 7.9 Jennifer 6.1 Jennifer 28.3 Jennifer 16.15 Jennifer 9.13 Jennifer 7.15 Jennifer 7.13 Jennifer 6.15 Jennifer 6.14 Jennifer 6.10 Jennifer 6.6 Jennifer 5.7 Jennifer 3.6 Jennifer 2.7 Jennifer 1.6 Jennifer 0.6 Jennifer 21.8 Jennifer 17.10 Jennifer 16.9 Jennifer 16.5 Jennifer 13.5 Jennifer 12.5 Jennifer 11.5 Jennifer 10.5 Jennifer 9.5 Jennifer 8.7 Jennifer 8.6 Jennifer 8.5 Jennifer 6.8 Jennifer 6.7 Jennifer 6.5 Jennifer 6.1 Jennifer 6.0 Jennifer 5.9 Jennifer 5.8 Jennifer 5.7 Jennifer 5.6 Jennifer 5.5 Jennifer 5.4 Jennifer 4.6 Jennifer 4.5 Jennifer 3.4 Jennifer 2.13 Jennifer 2.12 Jennifer 2.11 Jennifer 2.10 Jennifer 2.8 Jennifer 2.7 Jennifer 2.6 Jennifer 2.5 Jennifer 1.8 Jennifer 0.9 Jennifer 21.9 Jennifer 17.11 Jennifer 16.10 Jennifer 8.5 Jennifer 7.6 Jennifer 7.4 Jennifer 6.6 Jennifer 6.3 Jennifer 5.4 Jennifer 3.3 Jennifer 2.4 Jennifer 1.3 Jennifer 0.3 Jennifer 21.5 Jennifer 17.7 Jennifer 16.6 Jennifer 16.2 Jennifer 13.2 Jennifer 12.2 Jennifer 11.2 Jennifer 10.2 Jennifer 9.2 Jennifer 8.4 Jennifer 8.3 Jennifer 8.2 Jennifer 6.5 Jennifer 6.4 Jennifer 6.2 Jennifer 5.8 Jennifer 5.7 Jennifer 5.6 Jennifer 5.5 Jennifer 5.4 Jennifer 5.3 Jennifer 4.3 Jennifer 4.2 Jennifer 3.2 Jennifer 3.1 Jennifer 2.10 Jennifer 2.9 Jennifer 2.8 Jennifer 2.7 Jennifer 2.5 Jennifer 2.4 Jennifer 2.3 Jennifer 2.2 Jennifer 1.5 Jennifer 0.6 Jennifer 21.6 Jennifer 17.8 Jennifer 16.7 Jennifer 8.2 Jennifer 7.3 Jennifer 7.1 Jennifer 6.3 Jennifer 26.1 Jennifer 16.11 Jennifer 9.9 Jennifer 7.11 Jennifer 7.9 Jennifer 6.1

node.exe : The command 
line is too long.
At line:1 char:1
+ & "C:\Program 
Files\nodejs/node.exe" 
"C:\Program 
Files\nodejs/node_mo ...
+ ~~~~~~~~~~~~~~~~~~~~~~~~~
~~~~~~~~~~~~~~~~~~~~~~~~~~~
~~~~~~~~~~~~~~~~~
    + CategoryInfo         
     : NotSpecified: (The  
   command line is too l   
 ong.:String) [], Remot    
eException
    + FullyQualifiedErrorI 
   d : NativeCommandError
 
